// Jest Snapshot v1, https://goo.gl/fbAQLP

exports[`test contact form expect to render contact form component 1`] = `ShallowWrapper {}`;
